{
  "Placements": {
    "Test placement": {
      "$type": "ItemChanger.Placements.AutoPlacement, ItemChanger.Core",
      "Tags": [],
      "Location": {
        "$type": "ItemChanger.Locations.EmptyLocation, ItemChanger.Core",
        "Tags": [],
        "Name": "Test location",
        "SceneName": null,
        "FlingType": "Everywhere"
      },
      "Cost": null,
      "SupportsCost": false,
      "Name": "Test placement",
      "Items": [
        {
          "$type": "ItemChanger.Items.NullItem, ItemChanger.Core",
          "ObtainState": "Unobtained",
          "Tags": [
            {
              "$type": "ItemChanger.Tags.InteropTag, ItemChanger.Core",
              "Message": "test",
              "Properties": {}
            }
          ],
          "Name": "A",
          "UIDef": null
        },
        {
          "$type": "ItemChanger.Items.NullItem, ItemChanger.Core",
          "ObtainState": "Unobtained",
          "Tags": [
            {
              "$type": "ItemChanger.Tags.InteropTag, ItemChanger.Core",
              "Message": "test",
              "Properties": {}
            }
          ],
          "Name": "B",
          "UIDef": null
        },
        {
          "$type": "ItemChanger.Items.NullItem, ItemChanger.Core",
          "ObtainState": "Unobtained",
          "Tags": [
            {
              "$type": "ItemChanger.Tags.InteropTag, ItemChanger.Core",
              "Message": "test",
              "Properties": {}
            }
          ],
          "Name": "C",
          "UIDef": null
        }
      ],
      "Visited": "None"
    }
  },
  "Modules": [
    {
      "$type": "ItemChanger.Modules.InteropModule, ItemChanger.Core",
      "Message": "foo",
      "Properties": {},
      "Name": "InteropModule"
    },
    {
      "$type": "ItemChanger.Modules.InteropModule, ItemChanger.Core",
      "Message": "bar",
      "Properties": {},
      "Name": "InteropModule"
    }
  ]
}
